// Jest Snapshot v1, https://goo.gl/fbAQLP

exports[`Testing connection Should not disply ~ No notification 1`] = `null`;
