// Jest Snapshot v1, https://goo.gl/fbAQLP

exports[`should render Userprofile Panel 1`] = `
<div
  className="container"
>
  <div
    className="row"
  >
    <div
      className="col-md-8 col-lg-9 bg-white mt-md-3 pb-4 p-0 shadow-lg  bg-body rounded "
    >
      <div
        className="position-relative"
      >
        <img
          alt=""
          className="coverpic"
          src="https://images.unsplash.com/photo-1495277493816-4c359911b7f1?ixlib=rb-1.2.1&ixid=MnwxMjA3fDB8MHxwaG90by1wYWdlfHx8fGVufDB8fHx8&auto=format&fit=crop&w=1165&q=80"
        />
        <img
          alt=""
          className="size"
          src="blank-profile.png"
        />
      </div>
      <div
        className="mx-4 "
      >
        <h1
          className="mt-5"
          data-testid="userfullname"
        >
          Unknown User
        </h1>
        <p>
           
        </p>
        <p>
          undefined , undefined , India | undefined  Friend
        </p>
        <div
          className="d-flex"
        >
          <div
            className="btn btn-dark me-3"
          >
            Request Pending
          </div>
          <a
            className="btn btn-outline-dark"
            rel="noopener noreferrer"
            target="_blank"
          >
            Visit Website
          </a>
        </div>
      </div>
    </div>
    <div
      className="col-md-4 col-lg-3 profile-sidebar mt-3"
    >
      <div
        className="border p-2 mb-3 scroll bg-white shadow-lg p-3 bg-body rounded border-0 "
      >
        <div
          className="d-flex justify-content-between"
        >
          <h6>
            Friend Suggestions
          </h6>
        </div>
        <div
          className="text-center"
        />
      </div>
    </div>
  </div>
</div>
`;
